Project Report for G:\知识汇总\0 - 个人学习\1 - 工程实践\校招树莓派项目开发\VisitorMS_Project\VisitorMS.si4project\VisitorMS

Project Data Directory: G:\知识汇总\0 - 个人学习\1 - 工程实践\校招树莓派项目开发\VisitorMS_Project\VisitorMS.si4project
Project Source Directory: G:\知识汇总\0 - 个人学习\1 - 工程实践\校招树莓派项目开发\VisitorMS_Project
Project contains 458 symbol records, 1449 index entries, and 43 files.


File                                                                                    大小      Obj  Lines      Date
------------------------------------------------------------------------------
appRecognition.c (VisitorMS\src\core\identityRecognition)                                 5249        -    135     2022/6/18
    int AppRecognitionMain(int numOfIdentity)                                           (Function at line 41-117)
    Msg                                                                                 (Structure at line 36-37)
        data                                                                                (Data Member at line 37-37)
camera.c (VisitorMS\src\core\otherFunctions)                                              7327        -    126     2022/6/18
    void closeCamera(void)                                                              (Function at line 97-121)
    void openCamera(void)                                                               (Function at line 33-93)
camera.h (VisitorMS\src\include)                                                          2306        -     39     2022/6/18
    void closeCamera(void)                                                              (Function Prototype at line 38-38)
    void openCamera(void)                                                               (Function Prototype at line 35-35)
chat.h (VisitorMS\src\lib\chat)                                                           3499        -     95     2022/6/18
    BROADCAST                                                                           (Constant at line 78-78)
    enc_data                                                                            (Structure at line 71-74)
        data                                                                                (Data Member at line 74-74)
        sync                                                                                (Data Member at line 73-73)
    KEYGEN                                                                              (Constant at line 84-84)
    LOGIN                                                                               (Constant at line 81-81)
    LOGOUT                                                                              (Constant at line 83-83)
    MAX_USER_NAME_LEN                                                                   (Constant at line 49-49)
    MAX_USER_NUM                                                                        (Constant at line 50-50)
    NAME_EXIST                                                                          (Constant at line 90-90)
    NAME_PWD_NMATCH                                                                     (Constant at line 91-91)
    ONLINEUSER                                                                          (Constant at line 82-82)
    ONLINEUSER_OK                                                                       (Constant at line 88-88)
    ONLINEUSER_OVER                                                                     (Constant at line 89-89)
    ONLINE_USER                                                                         (Structure at line 54-59)
        fd                                                                                  (Data Member at line 56-56)
        flage                                                                               (Data Member at line 57-57)
        name                                                                                (Data Member at line 58-58)
        passwd                                                                              (Data Member at line 59-59)
    OP_OK                                                                               (Constant at line 87-87)
    PRIVATE                                                                             (Constant at line 79-79)
    protocol                                                                            (Structure at line 63-68)
        cmd                                                                                 (Data Member at line 65-65)
        data                                                                                (Data Member at line 68-68)
        name                                                                                (Data Member at line 67-67)
        state                                                                               (Data Member at line 66-66)
    REGISTE                                                                             (Constant at line 80-80)
    SERVER_PORT                                                                         (Constant at line 51-51)
    _TCP_CHAT                                                                           (Constant at line 33-33)
    USER_LOGED                                                                          (Constant at line 92-92)
    USER_NOT_REGIST                                                                     (Constant at line 93-93)
client.c (VisitorMS\src\lib\chat\chat_client\src)                                        12745        -    520     2022/6/18
    addrlen                                                                             (Variable at line 45-45)
    int born_sync()                                                                     (Function Prototype at line 54-54)
    void broadcast_client(int fd)                                                       (Function at line 215-236)
    int enc_keygen_rcv(int fd, void * pmsg, int len)                                    (Function at line 93-125)
    int enc_rcv(int fd, void * pmsg, int len)                                           (Function at line 129-166)
    int enc_send(int fd, void * data, int len)                                          (Function at line 57-88)
    void * func(void * arg)                                                             (Function at line 170-211)
    glob_keygen                                                                         (Variable at line 47-47)
    void list_online_user(int sockfd)                                                   (Function at line 270-290)
    int login(int fd)                                                                   (Function at line 334-361)
    login_f                                                                             (Variable at line 50-50)
    int logout(int fd)                                                                  (Function at line 365-368)
    int main(int argc, char * * argv)                                                   (Function at line 397-519)
    pid                                                                                 (Variable at line 48-48)
    void private_client(int fd)                                                         (Function at line 240-266)
    int rcv_keygen(int sockfd)                                                          (Function at line 373-393)
    int registe(int fd)                                                                 (Function at line 294-330)
    void reset_keygen()                                                                 (Function Prototype at line 53-53)
    server_addr                                                                         (Variable at line 46-46)
    sockfd                                                                              (Variable at line 44-44)
controlDevice.h (VisitorMS\src\include)                                                   2996        -     79     2022/6/18
    struct controlDevice * addequipment1ToDevices(struct controlDevice * phead)         (Function Prototype at line 53-53)
    struct controlDevice * addequipment2ToDevices(struct controlDevice * phead)         (Function Prototype at line 54-54)
    struct controlDevice * addfireAlarmToDevices(struct controlDevice * phead)          (Function Prototype at line 55-55)
    controlDevice                                                                       (Structure at line 37-49)
        changeStatus                                                                        (Data Member at line 47-47)
        close                                                                               (Data Member at line 43-43)
        deviceInit                                                                          (Data Member at line 44-44)
        deviceName                                                                          (Data Member at line 38-38)
        deviceStatus                                                                        (Data Member at line 39-39)
        next                                                                                (Data Member at line 49-49)
        open                                                                                (Data Member at line 42-42)
        pinNum                                                                              (Data Member at line 40-40)
        readStatus                                                                          (Data Member at line 46-46)
data.c (VisitorMS\src\core\identityRecognition)                                           6023        -    196     2022/6/18
    void database_close()                                                               (Function at line 192-194)
    int database_init()                                                                 (Function at line 160-188)
    DATABASE_NAME                                                                       (Constant at line 45-45)
    db                                                                                  (Variable at line 49-49)
    int db_add_user(char name [ ], char passwd [ ])                                     (Function at line 53-81)
    db_mutex                                                                            (Variable at line 48-48)
    int db_user_if_reg(char * name)                                                     (Function at line 87-115)
    int db_user_pwd_corrct(char * name, char * passwd)                                  (Function at line 119-156)
    TABLE_USER                                                                          (Constant at line 46-46)
data.c (VisitorMS\src\lib\chat\chat_server\src)                                          12694        -    536     2022/6/18
    int database_close()                                                                (Function at line 499-502)
    int database_init()                                                                 (Function at line 467-495)
    DATABASE_NAME                                                                       (Constant at line 45-45)
    db                                                                                  (Variable at line 43-43)
    int db_add_user(char name [ ], char passwd [ ])                                     (Function at line 54-92)
    int db_broadcast(int fd, char * buf)                                                (Function at line 320-361)
    int db_list_online_user(int fd, int keygen)                                         (Function at line 419-463)
    db_mutex                                                                            (Variable at line 47-47)
    int db_private(int fd, char * dest, char * buf, int keygen)                         (Function at line 365-415)
    int db_update_keygen(char * name, int keygen)                                       (Function at line 223-259)
    int db_user_if_online(char * name, char * passwd)                                   (Function at line 100-141)
    int db_user_if_reg(char * name)                                                     (Function at line 148-180)
    int db_user_on_off(int fd, char * name, unsigned int on_off)                        (Function at line 268-314)
    int db_user_pwd_corrct(char * name, char * passwd)                                  (Function at line 186-219)
    int enc_send_srv(int fd, void * data, int len, int keygen)                          (Function Prototype at line 50-50)
    TABLE_USER                                                                          (Constant at line 46-46)
data.h (VisitorMS\src\include)                                                            2910        -     80     2022/6/18
    void database_close()                                                               (Function Prototype at line 57-57)
    int database_init()                                                                 (Function Prototype at line 54-54)
    int db_add_user(char name [ ], char passwd [ ])                                     (Function Prototype at line 43-43)
    int db_user_if_reg(char * name)                                                     (Function Prototype at line 48-48)
    int db_user_pwd_corrct(char * name, char * passwd)                                  (Function Prototype at line 51-51)
    ONLINE_USER                                                                         (Structure at line 33-38)
        fd                                                                                  (Data Member at line 35-35)
        flage                                                                               (Data Member at line 36-36)
        name                                                                                (Data Member at line 37-37)
        passwd                                                                              (Data Member at line 38-38)
data.h (VisitorMS\src\lib\chat\chat_server\include)                                       2598        -     47     2022/6/18
    int database_close()                                                                (Function Prototype at line 43-43)
    int database_init()                                                                 (Function Prototype at line 42-42)
    int db_add_user(char name [ ], char passwd [ ])                                     (Function Prototype at line 38-38)
    int db_broadcast(int fd, char * buf)                                                (Function Prototype at line 44-44)
    _DB_DATA                                                                            (Constant at line 33-33)
    int db_user_if_online(char * name, char * passwd)                                   (Function Prototype at line 45-45)
    int db_user_if_reg(char * name)                                                     (Function Prototype at line 39-39)
    int db_user_on_off(int fd, char * name, unsigned int on_off)                        (Function Prototype at line 41-41)
    int db_user_pwd_corrct(char * name, char * passwd)                                  (Function Prototype at line 40-40)
    OFFLINE                                                                             (Constant at line 35-35)
    ONLINE                                                                              (Constant at line 36-36)
equipment1.c (VisitorMS\src\core\controlDevice)                                          10009        -    254     2022/6/18
    struct controlDevice * addequipment1ToDevices(struct controlDevice * phead)         (Function at line 226-233)
    equipment1                                                                          (Variable at line 216-222)
    int equipment1Close(struct controlDevice * equipmentNode)                           (Function at line 110-179)
    int equipment1Init(struct controlDevice * equipmentNode)                            (Function at line 182-185)
    int equipment1Open(struct controlDevice * equipmentNode)                            (Function at line 37-107)
    int equipment1Status(struct controlDevice * equipmentNode)                          (Function at line 188-212)
equipment2.c (VisitorMS\src\core\controlDevice)                                           6292        -    150     2022/6/18
    struct controlDevice * addequipment2ToDevices(struct controlDevice * phead)         (Function at line 121-128)
    equipment2                                                                          (Variable at line 111-117)
    int equipment2Close(struct controlDevice * equipmentNode)                           (Function at line 54-74)
    int equipment2Init(struct controlDevice * equipmentNode)                            (Function at line 77-80)
    int equipment2Open(struct controlDevice * equipmentNode)                            (Function at line 32-51)
    int equipment2Status(struct controlDevice * equipmentNode)                          (Function at line 83-107)
faceRecognition.c (VisitorMS\src\core\identityRecognition)                                5685        -    149     2022/6/18
    bool                                                                                (Type Definition at line 35-35)
    buf                                                                                 (Variable at line 36-36)
    int faceRecognitionMain(int numOfIdentity)                                          (Function at line 130-132)
    char * getPicBase64FromFile(char * filePath)                                        (Function at line 43-60)
    bool postUrl(int numOfIdentity)                                                     (Function at line 63-127)
    size_t readData(void * ptr, size_t size, size_t nmemb, void * stream)               (Function at line 38-40)
fireAlarm.c (VisitorMS\src\core\controlDevice)                                            6305        -    149     2022/6/18
    struct controlDevice * addfireAlarmToDevices(struct controlDevice * phead)          (Function at line 121-128)
    fireAlarm                                                                           (Variable at line 111-117)
    int fireAlarmClose(struct controlDevice * equipmentNode)                            (Function at line 55-74)
    int fireAlarmInit(struct controlDevice * equipmentNode)                             (Function at line 105-108)
    int fireAlarmOpen(struct controlDevice * equipmentNode)                             (Function at line 32-52)
    int fireStatusRead(struct controlDevice * equipmentNode)                            (Function at line 77-102)
ftp.c (VisitorMS\src\core\otherFunctions)                                                 7639        -    134     2022/6/18
    void closeFtp(void)                                                                 (Function at line 105-129)
    void openFtp(int flag)                                                              (Function at line 33-101)
ftp.h (VisitorMS\src\include)                                                             2299        -     39     2022/6/18
    void closeFtp(void)                                                                 (Function Prototype at line 38-38)
    void openFtp(int)                                                                   (Function Prototype at line 35-35)
ftp_client.c (VisitorMS\src\lib\ftp)                                                      9791        -    290     2022/6/18
    CD                                                                                  (Constant at line 48-48)
    int cmd_handler(struct Msg msg, int fd)                                             (Function at line 87-163)
    DOFILE                                                                              (Constant at line 51-51)
    GET                                                                                 (Constant at line 43-43)
    int get_cmd_type(char * cmd)                                                        (Function at line 61-73)
    char * get_dir(char * cmd)                                                          (Function at line 77-83)
    void handler_server_message(int c_fd, struct Msg msg)                               (Function at line 167-200)
    IFGO                                                                                (Constant at line 45-45)
    LCD                                                                                 (Constant at line 46-46)
    LLS                                                                                 (Constant at line 47-47)
    LS                                                                                  (Constant at line 42-42)
    int main(int argc, char * * argv)                                                   (Function at line 204-289)
    Msg                                                                                 (Structure at line 54-57)
        data                                                                                (Data Member at line 56-56)
        secondBuf                                                                           (Data Member at line 57-57)
        type                                                                                (Data Member at line 55-55)
    PUT                                                                                 (Constant at line 49-49)
    PWD                                                                                 (Constant at line 44-44)
    QUIT                                                                                (Constant at line 50-50)
ftp_server.c (VisitorMS\src\lib\ftp)                                                      9691        -    246     2022/6/18
    CD                                                                                  (Constant at line 49-49)
    DOFILE                                                                              (Constant at line 52-52)
    GET                                                                                 (Constant at line 44-44)
    int get_cmd_type(char * cmd)                                                        (Function at line 62-71)
    char * get_dir(char * cmsg)                                                         (Function at line 75-81)
    IFGO                                                                                (Constant at line 46-46)
    LCD                                                                                 (Constant at line 47-47)
    LLS                                                                                 (Constant at line 48-48)
    LS                                                                                  (Constant at line 43-43)
    int main(int argc, char * * argv)                                                   (Function at line 163-245)
    Msg                                                                                 (Structure at line 55-58)
        data                                                                                (Data Member at line 57-57)
        secondBuf                                                                           (Data Member at line 58-58)
        type                                                                                (Data Member at line 56-56)
    void msg_handler(struct Msg msg, int fd)                                            (Function at line 85-159)
    PUT                                                                                 (Constant at line 50-50)
    PWD                                                                                 (Constant at line 45-45)
    QUIT                                                                                (Constant at line 51-51)
identityRecognition.h (VisitorMS\src\include)                                             4279        -     87     2022/6/18
    ADMINISTRATORS                                                                      (Constant at line 49-49)
    int AppRecognitionMain(int numOfIdentity)                                           (Function Prototype at line 82-82)
    int faceRecognitionMain(int numOfIdentity)                                          (Function Prototype at line 67-67)
    OTHERUSERS                                                                          (Constant at line 50-50)
    int passwordRecognitionMain(int numOfIdentity)                                      (Function Prototype at line 74-74)
    int registeredUserMain(void)                                                        (Function Prototype at line 60-60)
    USER1                                                                               (Constant at line 47-47)
    USER2                                                                               (Constant at line 48-48)
    VISITOR                                                                             (Constant at line 46-46)
inputCommand.h (VisitorMS\src\include)                                                    3131        -     79     2022/6/18
    struct inputCommand * addsocketControlToCommand(struct inputCommand * phead)        (Function Prototype at line 64-64)
    struct inputCommand * addusartControlToCommand(struct inputCommand * phead)         (Function Prototype at line 65-65)
    struct inputCommand * addvoiceControlToCommand(struct inputCommand * phead)         (Function Prototype at line 63-63)
    inputCommand                                                                        (Structure at line 47-59)
        commandID                                                                           (Data Member at line 50-50)
        commandName                                                                         (Data Member at line 48-48)
        deviceName                                                                          (Data Member at line 49-49)
        fd                                                                                  (Data Member at line 57-57)
        getCommand                                                                          (Data Member at line 52-52)
        initCommand                                                                         (Data Member at line 51-51)
        IP                                                                                  (Data Member at line 55-55)
        log                                                                                 (Data Member at line 53-53)
        next                                                                                (Data Member at line 59-59)
        port                                                                                (Data Member at line 54-54)
        sfd                                                                                 (Data Member at line 56-56)
key.c (VisitorMS\src\lib\chat\chat_client\src)                                            4135        -    125     2022/6/18
    int born_keygen()                                                                   (Function at line 58-64)
    int born_seed(int sync, int key)                                                    (Function at line 91-93)
    int born_sync()                                                                     (Function at line 68-74)
    default_keygen                                                                      (Variable at line 42-42)
    keygen                                                                              (Variable at line 40-40)
    offset                                                                              (Variable at line 41-41)
    void print_array(unsigned char title [ ], unsigned char data [ ], unsigned int len) (Function at line 45-54)
    int request_key(int sync, int key_num, char key [ ])                                (Function at line 100-124)
    void reset_keygen()                                                                 (Function at line 78-80)
    void set_keygen(int key)                                                            (Function at line 84-87)
key.c (VisitorMS\src\lib\chat\chat_server\src)                                            4135        -    125     2022/6/18
    int born_keygen()                                                                   (Function at line 58-64)
    int born_seed(int sync, int key)                                                    (Function at line 91-93)
    int born_sync()                                                                     (Function at line 68-74)
    default_keygen                                                                      (Variable at line 42-42)
    keygen                                                                              (Variable at line 40-40)
    offset                                                                              (Variable at line 41-41)
    void print_array(unsigned char title [ ], unsigned char data [ ], unsigned int len) (Function at line 45-54)
    int request_key(int sync, int key_num, char key [ ])                                (Function at line 100-124)
    void reset_keygen()                                                                 (Function at line 78-80)
    void set_keygen(int key)                                                            (Function at line 84-87)
key.h (VisitorMS\src\lib\chat\chat_client\include)                                        2385        -     40     2022/6/18
    int born_seed(int sync, int key)                                                    (Function Prototype at line 37-37)
    _KEY_STATION                                                                        (Constant at line 33-33)
    MAX_KEY_REQUEST                                                                     (Constant at line 34-34)
    int request_key(int sync, int key_num, char key [ ])                                (Function Prototype at line 38-38)
    void set_keygen(int key)                                                            (Function Prototype at line 36-36)
key.h (VisitorMS\src\lib\chat\chat_server\include)                                        2410        -     41     2022/6/18
    int born_seed(int sync, int key)                                                    (Function Prototype at line 37-37)
    int born_sync(void)                                                                 (Function Prototype at line 39-39)
    _KEY_STATION                                                                        (Constant at line 33-33)
    MAX_KEY_REQUEST                                                                     (Constant at line 34-34)
    int request_key(int sync, int key_num, char key [ ])                                (Function Prototype at line 38-38)
    void set_keygen(int key)                                                            (Function Prototype at line 36-36)
mainPro.c (VisitorMS\src\core\system)                                                     9986        -    414     2022/6/18
    void administratorsProcess(void)                                                    (Function at line 285-354)
    int identityRecognitionProcess(int numOfIdentity)                                   (Function at line 33-76)
    int main()                                                                          (Function at line 358-413)
    void otherUsersProcess(void)                                                        (Function at line 114-147)
    void user1Process(void)                                                             (Function at line 151-213)
    void user2Process(void)                                                             (Function at line 217-280)
    void visitorProcess(void)                                                           (Function at line 80-110)
mainPro.h (VisitorMS\src\include)                                                        26770        -    929     2022/6/18
    int AppRecognitionProcess(int numOfIdentity)                                        (Function at line 894-911)
    void cameraProcess(void)                                                            (Function at line 649-677)
    void chatRoomProcess(void)                                                          (Function at line 719-749)
    chatThread                                                                          (Variable at line 57-57)
    void * chat_thread(void * data)                                                     (Function at line 188-190)
    CLOSE1                                                                              (Constant at line 41-41)
    CLOSE2                                                                              (Constant at line 42-42)
    cond                                                                                (Variable at line 46-46)
    c_fd                                                                                (Variable at line 53-53)
    int doInputCommand(char * cmd)                                                      (Function at line 126-175)
    void downloadLogProcess(void)                                                       (Function at line 681-715)
    void equipment1Process(void)                                                        (Function at line 503-551)
    void equipment2Process(void)                                                        (Function at line 556-604)
    int faceRecognitionProcess(int numOfIdentity)                                       (Function at line 781-795)
    struct inputCommand * findCommandByName(char * name, struct inputCommand * phead)   (Function at line 100-112)
    struct controlDevice * findDeviceByName(char * name, struct controlDevice * phead)  (Function at line 75-87)
    void fireAlarmProcess(void)                                                         (Function at line 608-645)
    g_avail                                                                             (Variable at line 47-47)
    void mainFunctionInit(void)                                                         (Function at line 414-424)
    mutex                                                                               (Variable at line 45-45)
    name                                                                                (Variable at line 56-56)
    OPEN1                                                                               (Constant at line 39-39)
    OPEN2                                                                               (Constant at line 40-40)
    int passwordRecognitionProcess(int numOfIdentity)                                   (Function at line 872-889)
    pcommandHead                                                                        (Variable at line 51-51)
    pdeviceHead                                                                         (Variable at line 50-50)
    void registeredUserProcess(void)                                                    (Function at line 753-771)
    void socketControlDeviceProcess(void)                                               (Function at line 480-499)
    socketHead                                                                          (Variable at line 52-52)
    socketReadThread                                                                    (Variable at line 61-61)
    socketThread                                                                        (Variable at line 60-60)
    void * socket_read_thread(void * data)                                              (Function at line 315-348)
    void * socket_thread(void * data)                                                   (Function at line 361-401)
    tmp                                                                                 (Variable at line 63-63)
    void usartControlDeviceProcess(void)                                                (Function at line 434-453)
    usartThread                                                                         (Variable at line 59-59)
    void * usart_thread(void * data)                                                    (Function at line 203-246)
    void voiceControlDeviceProcess(void)                                                (Function at line 457-476)
    int voiceRecognitionProcess(int numOfIdentity)                                      (Function at line 799-868)
    voiceThread                                                                         (Variable at line 58-58)
    void * voice_thread(void * data)                                                    (Function at line 259-302)
Makefile (VisitorMS\src)                                                                  6023        -    151     2022/6/18
    all                                                                                 (Label at line 81-127)
    all                                                                                 (Label at line 81-151)
    CC                                                                                  (Variable at line 34-36)
    CFLAGS                                                                              (Variable at line 37-42)
    clean                                                                               (Label at line 128-151)
    INCLUDE                                                                             (Variable at line 70-72)
    OBJ1                                                                                (Variable at line 73-73)
    OBJ2                                                                                (Variable at line 74-74)
    OBJ3                                                                                (Variable at line 75-75)
    OBJ4                                                                                (Variable at line 76-76)
    OBJ5                                                                                (Variable at line 77-77)
    OBJH                                                                                (Variable at line 78-151)
    src1                                                                                (Variable at line 43-43)
    SRC1                                                                                (Variable at line 58-58)
    src2                                                                                (Variable at line 44-44)
    SRC2                                                                                (Variable at line 59-59)
    src3                                                                                (Variable at line 45-45)
    SRC3                                                                                (Variable at line 60-60)
    src4                                                                                (Variable at line 46-46)
    SRC4                                                                                (Variable at line 61-61)
    src5                                                                                (Variable at line 47-47)
    SRC5                                                                                (Variable at line 62-62)
    srch                                                                                (Variable at line 48-57)
    SRCH                                                                                (Variable at line 63-69)
    TARGETS                                                                             (Label at line 40-80)
    TARGETS                                                                             (Variable at line 40-151)
Makefile (VisitorMS\src\lib\chat\chat_client)                                             2494        -     50     2022/6/18
    all                                                                                 (Label at line 39-39)
    all                                                                                 (Label at line 39-50)
    BIN                                                                                 (Variable at line 34-34)
    BIN_DIR                                                                             (Variable at line 36-50)
    CC                                                                                  (Variable at line 30-30)
    CHECK_DIR                                                                           (Label at line 40-43)
    clean                                                                               (Label at line 46-50)
    ECHO                                                                                (Label at line 44-45)
    OBJS                                                                                (Variable at line 33-33)
    OBJS_DIR                                                                            (Variable at line 35-35)
    SUBDIRS                                                                             (Variable at line 31-32)
Makefile (VisitorMS\src\lib\chat\chat_client\obj)                                         2230        -     34     2022/6/18
Makefile (VisitorMS\src\lib\chat\chat_client\src)                                         2245        -     33     2022/6/18
    all                                                                                 (Label at line 30-33)
Makefile (VisitorMS\src\lib\chat\chat_server)                                             2501        -     50     2022/6/18
    all                                                                                 (Label at line 39-39)
    all                                                                                 (Label at line 39-50)
    BIN                                                                                 (Variable at line 34-34)
    BIN_DIR                                                                             (Variable at line 36-50)
    CC                                                                                  (Variable at line 30-30)
    CHECK_DIR                                                                           (Label at line 40-43)
    clean                                                                               (Label at line 46-50)
    ECHO                                                                                (Label at line 44-45)
    OBJS                                                                                (Variable at line 33-33)
    OBJS_DIR                                                                            (Variable at line 35-35)
    SUBDIRS                                                                             (Variable at line 31-32)
Makefile (VisitorMS\src\lib\chat\chat_server\obj)                                         2227        -     33     2022/6/18
Makefile (VisitorMS\src\lib\chat\chat_server\src)                                         2300        -     34     2022/6/18
    all                                                                                 (Label at line 30-34)
menu.c (VisitorMS\src\core\system)                                                       34740        -    687     2022/6/18
    void initNcurse()                                                                   (Function at line 33-37)
    void picOfAppRecognition(void)                                                      (Function at line 131-143)
    void picOfAuthenticationInterface(void)                                             (Function at line 453-471)
    void picOfAuthenticationInterfacePro(void)                                          (Function at line 475-494)
    void picOfCameraFunctionSelect(void)                                                (Function at line 190-208)
    void picOfChatRoomEnd(void)                                                         (Function at line 258-275)
    void picOfChatRoomFunction(void)                                                    (Function at line 234-254)
    void picOfEquipmentFunctionSelect(void)                                             (Function at line 168-186)
    void picOfFaceRecognition(void)                                                     (Function at line 85-104)
    void picOfForgetPassword(void)                                                      (Function at line 62-81)
    void picOfFtpFunctionSelect(void)                                                   (Function at line 212-230)
    void picOfFunctionSelect_administrators(void)                                       (Function at line 590-610)
    void picOfFunctionSelect_otherusers(void)                                           (Function at line 520-538)
    void picOfFunctionSelect_user1(void)                                                (Function at line 542-562)
    void picOfFunctionSelect_user2(void)                                                (Function at line 566-586)
    void picOfFunctionSelect_visitor(void)                                              (Function at line 498-516)
    void picOfIdentityError(void)                                                       (Function at line 363-381)
    void picOfInputError(void)                                                          (Function at line 385-404)
    void picOfPasswordRecognition(void)                                                 (Function at line 147-158)
    void picOfRegisteredUser(void)                                                      (Function at line 47-58)
    void picOfSelectIdentity(void)                                                      (Function at line 408-426)
    void picOfSelectIdentityPro(void)                                                   (Function at line 430-449)
    void picOfSnakeGame(void)                                                           (Function at line 614-632)
    void picOfSocketControl(void)                                                       (Function at line 285-305)
    void picOfUsartControl(void)                                                        (Function at line 333-353)
    void picOfVoiceControl(void)                                                        (Function at line 309-329)
    void picOfVoiceRecognition(void)                                                    (Function at line 108-127)
    void picRefresh(void)                                                               (Function at line 636-671)
menu.h (VisitorMS\src\include)                                                            5578        -    145     2022/6/18
    void initNcurse()                                                                   (Function Prototype at line 37-37)
    void picOfAppRecognition(void)                                                      (Function Prototype at line 58-58)
    void picOfAuthenticationInterface(void)                                             (Function Prototype at line 133-133)
    void picOfAuthenticationInterfacePro(void)                                          (Function Prototype at line 136-136)
    void picOfCameraFunctionSelect(void)                                                (Function Prototype at line 73-73)
    void picOfChatRoomEnd(void)                                                         (Function Prototype at line 82-82)
    void picOfChatRoomFunction(void)                                                    (Function Prototype at line 79-79)
    void picOfEquipmentFunctionSelect(void)                                             (Function Prototype at line 70-70)
    void picOfFaceRecognition(void)                                                     (Function Prototype at line 52-52)
    void picOfForgetPassword(void)                                                      (Function Prototype at line 49-49)
    void picOfFtpFunctionSelect(void)                                                   (Function Prototype at line 76-76)
    void picOfFunctionSelect_administrators(void)                                       (Function Prototype at line 130-130)
    void picOfFunctionSelect_otherusers(void)                                           (Function Prototype at line 121-121)
    void picOfFunctionSelect_user1(void)                                                (Function Prototype at line 124-124)
    void picOfFunctionSelect_user2(void)                                                (Function Prototype at line 127-127)
    void picOfFunctionSelect_visitor(void)                                              (Function Prototype at line 118-118)
    void picOfIdentityError(void)                                                       (Function Prototype at line 106-106)
    void picOfInputError(void)                                                          (Function Prototype at line 109-109)
    void picOfPasswordRecognition(void)                                                 (Function Prototype at line 61-61)
    void picOfRegisteredUser(void)                                                      (Function Prototype at line 46-46)
    void picOfSelectIdentity(void)                                                      (Function Prototype at line 112-112)
    void picOfSelectIdentityPro(void)                                                   (Function Prototype at line 115-115)
    void picOfSnakeGame(void)                                                           (Function Prototype at line 139-139)
    void picOfSocketControl(void)                                                       (Function Prototype at line 94-94)
    void picOfUsartControl(void)                                                        (Function Prototype at line 97-97)
    void picOfVoiceControl(void)                                                        (Function Prototype at line 91-91)
    void picOfVoiceRecognition(void)                                                    (Function Prototype at line 55-55)
    void picRefresh(void)                                                               (Function Prototype at line 142-142)
passwordIdentification.c (VisitorMS\src\core\identityRecognition)                         4669        -    162     2022/6/18
    int passwordRecognitionMain(int numOfIdentity)                                      (Function at line 37-91)
    int registeredUserMain()                                                            (Function at line 95-143)
pin4driver.c (VisitorMS\src\lib\drivers)                                                  3055        -     64     2022/6/18
    int main()                                                                          (Function at line 36-63)
server.c (VisitorMS\src\lib\chat\chat_server\src)                                        12829        -    487     2022/6/18
    int born_keygen()                                                                   (Function Prototype at line 57-57)
    void broadcast_server(int fd, char * name, struct protocol * msg, int keygen)       (Function at line 152-159)
    int database_close()                                                                (Function Prototype at line 53-53)
    int database_init()                                                                 (Function Prototype at line 52-52)
    int db_add_user(char name [ ], char passwd [ ])                                     (Function Prototype at line 48-48)
    int db_list_online_user(int fd, int keygen)                                         (Function Prototype at line 58-58)
    db_mutex                                                                            (External Variable at line 61-61)
    int db_private(int fd, char * dest, char * buf, int keygen)                         (Function Prototype at line 54-54)
    int db_update_keygen(char * name, int keygen)                                       (Function Prototype at line 55-55)
    int db_user_if_reg(char * name)                                                     (Function Prototype at line 49-49)
    int db_user_on_off(int fd, char * name, unsigned int on_off)                        (Function Prototype at line 51-51)
    int db_user_pwd_corrct(char * name, char * passwd)                                  (Function Prototype at line 50-50)
    __DEBUG                                                                             (Constant at line 44-44)
    int enc_rcv_srv(int fd, void * pmsg, int len, int keygen)                           (Function at line 109-148)
    int enc_send_srv(int fd, void * data, int len, int keygen)                          (Function at line 65-105)
    void * func(void * arg)                                                             (Function at line 348-413)
    int keygen_send(int fd, int * keygen)                                               (Function at line 302-344)
    void login(int sockfd, int * index, struct protocol * msg, int keygen)              (Function at line 217-296)
    int main(int argc, char * * argv)                                                   (Function at line 417-486)
    __PRINTF                                                                            (Constant at line 45-45)
    void private_server(int fd, char * name, struct protocol * msg, int keygen)         (Function at line 163-179)
    void regist(int sockfd, int * index, struct protocol * msg, int keygen)             (Function at line 183-213)
    void reset_keygen()                                                                 (Function Prototype at line 56-56)
snake.c (VisitorMS\src\core\otherFunctions)                                               9352        -    394     2022/6/18
    void addNode()                                                                      (Function at line 77-103)
    void changeDir()                                                                    (Function at line 164-198)
    void deleNode()                                                                     (Function at line 68-73)
    void gamePic()                                                                      (Function at line 220-284)
    int hasFood(int i, int j)                                                           (Function at line 42-48)
    int hasSnakeNode(int i, int j)                                                      (Function at line 52-64)
    int ifSnakeDie()                                                                    (Function at line 132-146)
    void initFood()                                                                     (Function at line 33-38)
    void initSnake()                                                                    (Function at line 107-128)
    void moveSnake()                                                                    (Function at line 202-216)
    void refreshJieMian()                                                               (Function at line 288-315)
    int snakeGameStart(void)                                                            (Function at line 319-376)
    void turn(int direction)                                                            (Function at line 150-160)
snake.h (VisitorMS\src\include)                                                           2769        -     82     2022/6/18
    dir                                                                                 (Variable at line 53-53)
    DOWN                                                                                (Constant at line 36-36)
    food                                                                                (Variable at line 49-49)
    head                                                                                (Variable at line 50-50)
    key                                                                                 (Variable at line 52-52)
    LEFT                                                                                (Constant at line 37-37)
    nub                                                                                 (Variable at line 55-55)
    RIGHT                                                                               (Constant at line 38-38)
    set                                                                                 (Variable at line 54-54)
    Snake                                                                               (Structure at line 41-45)
        hang                                                                                (Data Member at line 43-43)
        lie                                                                                 (Data Member at line 44-44)
        next                                                                                (Data Member at line 45-45)
    int snakeGameStart(void)                                                            (Function Prototype at line 58-58)
    tail                                                                                (Variable at line 51-51)
    UP                                                                                  (Constant at line 35-35)
socketControl.c (VisitorMS\src\core\inputCommand)                                         3643        -     89     2022/6/18
    struct inputCommand * addsocketControlToCommand(struct inputCommand * phead)        (Function at line 79-86)
    socketControl                                                                       (Variable at line 66-74)
    int socketGetCommand(struct inputCommand * socketMsg)                               (Function at line 60-63)
    int socketInit(struct inputCommand * socketMsg, char * ipAdress, char * port)       (Function at line 32-57)
usartControl.c (VisitorMS\src\core\inputCommand)                                          3149        -     72     2022/6/18
    struct inputCommand * addusartControlToCommand(struct inputCommand * phead)         (Function at line 61-68)
    usartControl                                                                        (Variable at line 49-56)
    int usartGetCommand(struct inputCommand * usartDevice)                              (Function at line 41-46)
    int usartInit(struct inputCommand * usartDevice, char * ipAdress, char * port)      (Function at line 32-38)
voiceControl.c (VisitorMS\src\core\inputCommand)                                          3147        -     71     2022/6/18
    struct inputCommand * addvoiceControlToCommand(struct inputCommand * phead)         (Function at line 61-68)
    voiceControl                                                                        (Variable at line 49-56)
    int voiceGetCommand(struct inputCommand * voiceDevice)                              (Function at line 41-46)
    int voiceInit(struct inputCommand * voiceDevice, char * ipAdress, char * port)      (Function at line 32-38)

Total Files:           43
Total Bytes:       276240
Total Lines:         7742
Total Symbols:        458


